[INFO] File: src/logger.c , function: open_log_file , line 13, message: success open log file
[INFO] File: src/user_interface.c , function: get_console_size , line 50, message: default console size: nlines = 59, ncolumns = 248
[INFO] File: src/callbacks.c , function: start_registration , line 38, message: IP: 192.168.1.105
[INFO] File: src/client.c , function: main , line 42, message: loop start ... 
[INFO] File: src/callbacks.c , function: connect_cb , line 85, message: read start
[INFO] File: src/user_interface.c , function: create_room , line 361, message: room name: test
[DEBUG] File: src/user_interface.c , function: add_chat , line 397, message: added room: test
[DEBUG] File: src/user_interface.c , function: check_connect_possibility , line 230, message: current name = 'test', room name = 'test'
[INFO] File: src/user_interface.c , function: check_connect_possibility , line 232, message: room was found
[INFO] File: src/callbacks.c , function: join_room , line 383, message: client join room: test
[INFO] File: src/user_interface.c , function: make_uppercase_line , line 555, message: test
[INFO] File: src/user_interface.c , function: make_uppercase_line , line 561, message: TEST
[DEBUG] File: src/callbacks.c , function: show_server_message , line 609, message: Message from server = '/recipients_ID 8168105390239922116 ava.jpeg
'
[DEBUG] File: src/user_interface.c , function: file_request , line 334, message: user choice = N
[DEBUG] File: src/callbacks.c , function: show_server_message , line 609, message: Message from server = '/recipients_ID 4423135111973055626 prog.c
'
[DEBUG] File: src/user_interface.c , function: file_request , line 334, message: user choice = N
[DEBUG] File: src/callbacks.c , function: show_server_message , line 609, message: Message from server = 'HICEEEE!
'
[WARNING] File: src/callbacks.c , function: find_srv_command , line 658, message: command was not found
[INFO] File: src/callbacks.c , function: check_ui_state , line 260, message: user close messenger
