[INFO] File: src/logger.c , function: open_log_file , line 13, message: success open log file
[INFO] File: src/user_interface.c , function: get_console_size , line 50, message: default console size: nlines = 63, ncolumns = 254
[INFO] File: src/callbacks.c , function: start_registration , line 38, message: IP: 10.55.128.222
[INFO] File: src/client.c , function: main , line 42, message: loop start ... 
[INFO] File: src/callbacks.c , function: connect_cb , line 85, message: read start
[INFO] File: src/user_interface.c , function: delete_symbol , line 921, message: delete one symbol
[INFO] File: src/user_interface.c , function: create_room , line 359, message: room name: hello_room
[DEBUG] File: src/user_interface.c , function: add_chat , line 395, message: added room: hello_room
[DEBUG] File: src/user_interface.c , function: check_connect_possibility , line 230, message: current name = 'hello_room', room name = 'hello_room'
[INFO] File: src/user_interface.c , function: check_connect_possibility , line 232, message: room was found
[INFO] File: src/callbacks.c , function: join_room , line 368, message: client join room: hello_room
[INFO] File: src/user_interface.c , function: make_uppercase_line , line 553, message: hello_room
[INFO] File: src/user_interface.c , function: make_uppercase_line , line 559, message: HELLO_ROOM
[DEBUG] File: src/callbacks.c , function: show_server_message , line 583, message: Message from server = 'you are in the room: hello_room
number of clients in room: 2'
[WARNING] File: src/callbacks.c , function: find_srv_command , line 632, message: command was not found
[DEBUG] File: src/callbacks.c , function: show_server_message , line 592, message: start waiting exit
[DEBUG] File: src/callbacks.c , function: show_server_message , line 596, message: finish waiting exit
[DEBUG] File: src/user_interface.c , function: waiting_exit , line 982, message: key in room info window: 259
[DEBUG] File: src/callbacks.c , function: show_server_message , line 583, message: Message from server = '/recipients_ID 6953911602990
'
[INFO] File: src/sending_files.c , function: open_new_connection , line 66, message: successfully connected to file chanel
[INFO] File: src/sending_files.c , function: read_cb , line 142, message: read got 18
[DEBUG] File: src/sending_files.c , function: parse_file_data , line 159, message: IN PARS FILE DATA = /file_name prog.c

[DEBUG] File: src/sending_files.c , function: parse_file_data , line 173, message: file instruction = '/file_name prog.c'
[DEBUG] File: src/sending_files.c , function: parse_command , line 203, message: command '/file_name' was founded
[DEBUG] File: src/sending_files.c , function: parse_file_name , line 269, message: in get_file_name: inst = '/file_name prog.c'
[DEBUG] File: src/sending_files.c , function: parse_file_name , line 271, message: after in get_file_name: inst = '/file_name prog.c'
[INFO] File: src/sending_files.c , function: parse_file_name , line 275, message: reciver: file name = 'prog.c'
[INFO] File: src/sending_files.c , function: parse_file_data , line 180, message: bytes left in the buffer: 0
[INFO] File: src/sending_files.c , function: parse_file_data , line 185, message: string line after: 0
[DEBUG] File: src/user_interface.c , function: file_request , line 332, message: user choice = Y
[INFO] File: src/user_interface.c , function: delete_symbol , line 921, message: delete one symbol
[INFO] File: src/user_interface.c , function: delete_symbol , line 921, message: delete one symbol
[INFO] File: src/user_interface.c , function: delete_symbol , line 921, message: delete one symbol
[INFO] File: src/user_interface.c , function: delete_symbol , line 921, message: delete one symbol
[INFO] File: src/user_interface.c , function: delete_symbol , line 921, message: delete one symbol
[INFO] File: src/user_interface.c , function: delete_symbol , line 921, message: delete one symbol
[DEBUG] File: src/sending_files.c , function: create_file , line 427, message: receiver: file_name = 'prog.c'
[DEBUG] File: src/sending_files.c , function: create_file , line 428, message: receive: file_path = '/home/foma/Tests/'
[DEBUG] File: src/sending_files.c , function: create_file , line 430, message: path and name: /home/foma/Tests/prog.c
[INFO] File: src/sending_files.c , function: read_cb , line 142, message: read got 97
[DEBUG] File: src/sending_files.c , function: parse_file_data , line 159, message: IN PARS FILE DATA = #include <stdio.h>

int main(int agc, char** arg){

    printf( "Hello world" );
    return 0;
}

[DEBUG] File: src/sending_files.c , function: save_file_data , line 222, message: before write data size = 97
[INFO] File: src/sending_files.c , function: parse_file_data , line 180, message: bytes left in the buffer: 0
[INFO] File: src/sending_files.c , function: parse_file_data , line 185, message: string line after: 0
[INFO] File: src/sending_files.c , function: file_write_cb , line 241, message: successfully saved 97 bytes out of 97
[INFO] File: src/sending_files.c , function: check_file_writting , line 251, message: all bytes (97) write saved successfully
[DEBUG] File: src/user_interface.c , function: file_request , line 332, message: user choice = C
[WARNING] File: src/sending_files.c , function: read_cb , line 148, message: client closed file channel
